[     544ms] [WARNING] [Vue warn]: Failed to resolve component: HomeUnderline
If this is a native custom element, make sure to exclude it from component resolution via compilerOptions.isCustomElement. 
  at <Index.md onVnodeMounted=fn<runCbs> onVnodeUpdated=fn<runCbs> onVnodeUnmounted=fn<runCbs> > 
  at <VitePressContent> 
  at <VPHomeContent key=0 > 
  at <VPHome key=2 > 
  at <VPContent> 
  at <Layout> 
  at <Layout> 
  at <VitePressApp> @ http://localhost:5173/.vitepress/cache/deps/chunk-GG4C57GV.js?v=a5c6e4e2:2124
[     551ms] [WARNING] [Vue warn]: Failed to resolve component: FeatureCard
If this is a native custom element, make sure to exclude it from component resolution via compilerOptions.isCustomElement. 
  at <Index.md onVnodeMounted=fn<runCbs> onVnodeUpdated=fn<runCbs> onVnodeUnmounted=fn<runCbs> > 
  at <VitePressContent> 
  at <VPHomeContent key=0 > 
  at <VPHome key=2 > 
  at <VPContent> 
  at <Layout> 
  at <Layout> 
  at <VitePressApp> @ http://localhost:5173/.vitepress/cache/deps/chunk-GG4C57GV.js?v=a5c6e4e2:2124
[     559ms] [WARNING] [Vue warn]: Component is missing template or render function:  {__name: confetti, setup: , __hmrId: 7edc7c54, __file: D:/vitepress/.vitepress/theme/confetti.vue} 
  at <Confetti> 
  at <Index.md onVnodeMounted=fn<runCbs> onVnodeUpdated=fn<runCbs> onVnodeUnmounted=fn<runCbs> > 
  at <VitePressContent> 
  at <VPHomeContent key=0 > 
  at <VPHome key=2 > 
  at <VPContent> 
  at <Layout> 
  at <Layout> 
  at <VitePressApp> @ http://localhost:5173/.vitepress/cache/deps/chunk-GG4C57GV.js?v=a5c6e4e2:2124
