[     582ms] [ERROR] Failed to load resource: the server responded with a status of 404 (Not Found) @ http://localhost:5173/favicon.ico:0
[  466550ms] [WARNING] [Vue warn]: Unhandled error during execution of setup function 
  at <HomeExtras> 
  at <VPHome key=2 > 
  at <VPContent> 
  at <Layout> 
  at <Layout> 
  at <VitePressApp> @ http://localhost:5173/.vitepress/cache/deps/chunk-XY26LBYQ.js?v=40ce7743:2224
[  466551ms] [WARNING] [Vue warn]: Unhandled error during execution of scheduler flush 
  at <HomeExtras> 
  at <VPHome key=2 > 
  at <VPContent> 
  at <Layout> 
  at <Layout> 
  at <VitePressApp> @ http://localhost:5173/.vitepress/cache/deps/chunk-XY26LBYQ.js?v=40ce7743:2224
[  466561ms] ReferenceError: ref is not defined
    at setup (http://localhost:5173/.vitepress/theme/components/HomeExtras.vue?t=1779161233168:72:25)
    at callWithErrorHandling (http://localhost:5173/.vitepress/cache/deps/chunk-XY26LBYQ.js?v=40ce7743:2372:19)
    at setupStatefulComponent (http://localhost:5173/.vitepress/cache/deps/chunk-XY26LBYQ.js?v=40ce7743:10328:25)
    at setupComponent (http://localhost:5173/.vitepress/cache/deps/chunk-XY26LBYQ.js?v=40ce7743:10290:36)
    at mountComponent (http://localhost:5173/.vitepress/cache/deps/chunk-XY26LBYQ.js?v=40ce7743:8214:7)
    at processComponent (http://localhost:5173/.vitepress/cache/deps/chunk-XY26LBYQ.js?v=40ce7743:8180:9)
    at patch (http://localhost:5173/.vitepress/cache/deps/chunk-XY26LBYQ.js?v=40ce7743:7677:11)
    at patchKeyedChildren (http://localhost:5173/.vitepress/cache/deps/chunk-XY26LBYQ.js?v=40ce7743:8735:11)
    at patchChildren (http://localhost:5173/.vitepress/cache/deps/chunk-XY26LBYQ.js?v=40ce7743:8513:11)
    at processFragment (http://localhost:5173/.vitepress/cache/deps/chunk-XY26LBYQ.js?v=40ce7743:8154:9)
[  469405ms] [WARNING] [Vue warn]: Unhandled error during execution of scheduler flush 
  at <HomeExtras> 
  at <VPHome key=2 > 
  at <VPContent> 
  at <Layout> 
  at <Layout> 
  at <VitePressApp> @ http://localhost:5173/.vitepress/cache/deps/chunk-XY26LBYQ.js?v=40ce7743:2224
[  469405ms] TypeError: Cannot read properties of null (reading 'flags')
    at http://localhost:5173/.vitepress/cache/deps/chunk-XY26LBYQ.js?v=40ce7743:2708:28
    at callWithErrorHandling (http://localhost:5173/.vitepress/cache/deps/chunk-XY26LBYQ.js?v=40ce7743:2372:33)
    at flushJobs (http://localhost:5173/.vitepress/cache/deps/chunk-XY26LBYQ.js?v=40ce7743:2580:9)
[  479199ms] [WARNING] [Vue warn]: Unhandled error during execution of scheduler flush 
  at <HomeExtras> 
  at <VPHome key=2 > 
  at <VPContent> 
  at <Layout> 
  at <Layout> 
  at <VitePressApp> @ http://localhost:5173/.vitepress/cache/deps/chunk-XY26LBYQ.js?v=40ce7743:2224
[  479202ms] TypeError: Cannot read properties of null (reading 'flags')
    at http://localhost:5173/.vitepress/cache/deps/chunk-XY26LBYQ.js?v=40ce7743:2708:28
    at callWithErrorHandling (http://localhost:5173/.vitepress/cache/deps/chunk-XY26LBYQ.js?v=40ce7743:2372:33)
    at flushJobs (http://localhost:5173/.vitepress/cache/deps/chunk-XY26LBYQ.js?v=40ce7743:2580:9)
[  482602ms] [ERROR] TypeError: Cannot read properties of null (reading 'flags')
    at http://localhost:5173/.vitepress/cache/deps/chunk-XY26LBYQ.js?v=40ce7743:2676:24
    at Array.forEach (<anonymous>)
    at rerender (http://localhost:5173/.vitepress/cache/deps/chunk-XY26LBYQ.js?v=40ce7743:2669:25)
    at Object.rerender (http://localhost:5173/.vitepress/cache/deps/chunk-XY26LBYQ.js?v=40ce7743:2743:14)
    at http://localhost:5173/.vitepress/theme/components/HomeExtras.vue?t=1779161246130:287:25
    at http://localhost:5173/@vite/client:34:58
    at http://localhost:5173/@vite/client:218:9
    at http://localhost:5173/@vite/client:193:58
    at Array.forEach (<anonymous>)
    at HMRClient.queueUpdate (http://localhost:5173/@vite/client:193:36) @ http://localhost:5173/.vitepress/cache/deps/chunk-XY26LBYQ.js?v=40ce7743:2744
[  482603ms] [WARNING] [HMR] Something went wrong during Vue component hot-reload. Full reload required. @ http://localhost:5173/.vitepress/cache/deps/chunk-XY26LBYQ.js?v=40ce7743:2745
